// Jest Snapshot v1, https://goo.gl/fbAQLP

exports[`Posts Renders table correctly 1`] = `
<div
  className="ReactTable"
  style={Object {}}
>
  <div
    className="rt-table"
    style={undefined}
  >
    <div
      className="rt-thead -header"
      style={
        Object {
          "minWidth": "200px",
        }
      }
    >
      <div
        className="rt-tr"
        style={undefined}
      >
        <div
          className="rt-th  rt-resizable-header -cursor-pointer"
          onClick={[Function]}
          role="heading"
          style={
            Object {
              "flex": "100 0 auto",
              "maxWidth": null,
              "width": "100px",
            }
          }
        >
          <div
            className="rt-resizable-header-content"
          >
            Post
          </div>
          <div
            className="rt-resizer"
            onMouseDown={[Function]}
            onTouchStart={[Function]}
          />
        </div>
        <div
          className="rt-th  rt-resizable-header -cursor-pointer"
          onClick={[Function]}
          role="heading"
          style={
            Object {
              "flex": "100 0 auto",
              "maxWidth": null,
              "width": "100px",
            }
          }
        >
          <div
            className="rt-resizable-header-content"
          >
            Created
          </div>
          <div
            className="rt-resizer"
            onMouseDown={[Function]}
            onTouchStart={[Function]}
          />
        </div>
      </div>
    </div>
    <div
      className="rt-tbody"
      style={
        Object {
          "minWidth": "200px",
        }
      }
    >
      <div
        className="rt-tr-group"
      >
        <div
          className="rt-tr -odd"
          style={undefined}
        >
          <div
            className="rt-td"
            onClick={[Function]}
            style={
              Object {
                "flex": "100 0 auto",
                "maxWidth": null,
                "width": "100px",
              }
            }
          >
            New post
          </div>
          <div
            className="rt-td"
            onClick={[Function]}
            style={
              Object {
                "flex": "100 0 auto",
                "maxWidth": null,
                "width": "100px",
              }
            }
          >
            My new date
          </div>
        </div>
      </div>
      <div
        className="rt-tr-group"
      >
        <div
          className="rt-tr -even"
          style={undefined}
        >
          <div
            className="rt-td"
            onClick={[Function]}
            style={
              Object {
                "flex": "100 0 auto",
                "maxWidth": null,
                "width": "100px",
              }
            }
          >
            New post2
          </div>
          <div
            className="rt-td"
            onClick={[Function]}
            style={
              Object {
                "flex": "100 0 auto",
                "maxWidth": null,
                "width": "100px",
              }
            }
          >
            My new date2
          </div>
        </div>
      </div>
    </div>
  </div>
  <div
    className="pagination-bottom"
  >
    <div
      className="-pagination"
      style={undefined}
    >
      <div
        className="-previous"
      >
        <button
          className="-btn"
          disabled={true}
          onClick={[Function]}
          type="button"
        >
          Previous
        </button>
      </div>
      <div
        className="-center"
      >
        <span
          className="-pageInfo"
        >
          Page
           
          <div
            className="-pageJump"
          >
            <input
              onBlur={[Function]}
              onChange={[Function]}
              onKeyPress={[Function]}
              type="number"
              value={1}
            />
          </div>
           
          of
           
          <span
            className="-totalPages"
          >
            1
          </span>
        </span>
      </div>
      <div
        className="-next"
      >
        <button
          className="-btn"
          disabled={true}
          onClick={[Function]}
          type="button"
        >
          Next
        </button>
      </div>
    </div>
  </div>
  <div
    className="-loading"
  >
    <div
      className="-loading-inner"
    >
      Loading...
    </div>
  </div>
</div>
`;
