// Jest Snapshot v1, https://goo.gl/fbAQLP

exports[`Layout renders children correctly 1`] = `
<div>
  <div
    className="root"
  >
    <div
      className="container"
    >
      <div
        className="root"
        role="navigation"
      >
        <a
          className="link"
          href="/"
          onClick={[Function]}
        >
          Ticket List
        </a>
        <a
          className="link"
          href="/addtickets"
          onClick={[Function]}
        >
          Add Ticket
        </a>
      </div>
      <a
        className="brand"
        href="/"
        onClick={[Function]}
      >
        <img
          alt="React"
          height="38"
          src="logo-small.png"
          srcSet="logo-small@2x.png 2x"
          width="38"
        />
        <span
          className="brandTxt"
        >
          Nick Monson Ticket App
        </span>
      </a>
    </div>
  </div>
  <div
    className="child"
  />
</div>
`;
